../Core/Src/main.c:291:8:E220_write_register	24	static
../Core/Src/main.c:312:8:E220_read_register	24	static
../Core/Src/main.c:329:8:E220_read_register_all	24	static
../Core/Src/main.c:342:6:HAL_UART_RxCpltCallback	16	static
../Core/Src/main.c:377:6:HAL_TIM_PeriodElapsedCallback	16	static
../Core/Src/main.c:388:6:HAL_ADC_ConvCpltCallback	16	static
../Core/Src/main.c:405:5:main	64	static
../Core/Src/main.c:643:6:SystemClock_Config	88	static
../Core/Src/main.c:690:13:MX_ADC1_Init	24	static
../Core/Src/main.c:742:13:MX_I2C1_Init	8	static
../Core/Src/main.c:776:13:MX_SPI1_Init	8	static
../Core/Src/main.c:814:13:MX_TIM11_Init	8	static
../Core/Src/main.c:845:13:MX_UART4_Init	8	static
../Core/Src/main.c:878:13:MX_USART2_UART_Init	8	static
../Core/Src/main.c:911:13:MX_USART3_UART_Init	8	static
../Core/Src/main.c:944:13:MX_USART6_UART_Init	8	static
../Core/Src/main.c:975:13:MX_DMA_Init	16	static
../Core/Src/main.c:997:13:MX_GPIO_Init	48	static
../Core/Src/main.c:1061:6:E220_CONFIG	40	static
../Core/Src/main.c:1092:8:distance_in_m	136	static
../Core/Src/main.c:1110:8:toRadians	16	static
../Core/Src/main.c:1114:8:calculateAngle	112	static
../Core/Src/main.c:1125:6:NEXTION_SendString	72	static
../Core/Src/main.c:1134:6:NEXTION_SendNum	24	static
../Core/Src/main.c:1144:6:NEXTION_SendFloat	48	static
../Core/Src/main.c:1161:6:Nextion_SendCommand	24	static
../Core/Src/main.c:1168:6:Nextion_SendFloatToTextbox	96	static
../Core/Src/main.c:1182:6:HYI_BUFFER_Fill	4	static
../Core/Src/main.c:1266:6:Payload_union_converter	24	static
../Core/Src/main.c:1346:6:Enum_State_bs	8	static
../Core/Src/main.c:1458:6:Enum_State_s	8	static
../Core/Src/main.c:1567:6:Error_Handler	4	static,ignoring_inline_asm
